[debug] [2024-09-01T04:09:53.892Z] ----------------------------------------------------------------------
[debug] [2024-09-01T04:09:53.893Z] Command:       /Users/samuelwoerner/.nvm/versions/node/v20.5.0/bin/node /opt/homebrew/bin/firebase deploy
[debug] [2024-09-01T04:09:53.894Z] CLI Version:   11.22.0
[debug] [2024-09-01T04:09:53.894Z] Platform:      darwin
[debug] [2024-09-01T04:09:53.894Z] Node Version:  v20.5.0
[debug] [2024-09-01T04:09:53.894Z] Time:          Sun Sep 01 2024 06:09:53 GMT+0200 (Central European Summer Time)
[debug] [2024-09-01T04:09:53.894Z] ----------------------------------------------------------------------
[debug] 
[debug] [2024-09-01T04:09:53.895Z] >>> [apiv2][query] GET https://firebase-public.firebaseio.com/cli.json [none]
[debug] [2024-09-01T04:09:53.946Z] > command requires scopes: ["email","openid","https://www.googleapis.com/auth/cloudplatformprojects.readonly","https://www.googleapis.com/auth/firebase","https://www.googleapis.com/auth/cloud-platform"]
[debug] [2024-09-01T04:09:53.946Z] > authorizing via signed-in user (samuel.woerner@horizon-alpha.com)
[debug] [2024-09-01T04:09:53.946Z] [iam] checking project pkhands-fcf61 for permissions ["firebase.projects.get","firebasehosting.sites.update"]
[debug] [2024-09-01T04:09:53.946Z] > refreshing access token with scopes: []
[debug] [2024-09-01T04:09:53.947Z] >>> [apiv2][query] POST https://www.googleapis.com/oauth2/v3/token [none]
[debug] [2024-09-01T04:09:53.947Z] >>> [apiv2][body] POST https://www.googleapis.com/oauth2/v3/token [omitted]
[debug] [2024-09-01T04:09:54.084Z] <<< [apiv2][status] POST https://www.googleapis.com/oauth2/v3/token 400
[debug] [2024-09-01T04:09:54.084Z] <<< [apiv2][body] POST https://www.googleapis.com/oauth2/v3/token [omitted]
[debug] [2024-09-01T04:09:54.084Z] >>> [apiv2][query] POST https://cloudresourcemanager.googleapis.com/v1/projects/pkhands-fcf61:testIamPermissions [none]
[debug] [2024-09-01T04:09:54.084Z] >>> [apiv2][(partial)header] POST https://cloudresourcemanager.googleapis.com/v1/projects/pkhands-fcf61:testIamPermissions x-goog-quota-user=projects/pkhands-fcf61
[debug] [2024-09-01T04:09:54.084Z] >>> [apiv2][body] POST https://cloudresourcemanager.googleapis.com/v1/projects/pkhands-fcf61:testIamPermissions {"permissions":["firebase.projects.get","firebasehosting.sites.update"]}
[debug] [2024-09-01T04:09:54.449Z] <<< [apiv2][status] GET https://firebase-public.firebaseio.com/cli.json 200
[debug] [2024-09-01T04:09:54.450Z] <<< [apiv2][body] GET https://firebase-public.firebaseio.com/cli.json {"cloudBuildErrorAfter":1594252800000,"cloudBuildWarnAfter":1590019200000,"defaultNode10After":1594252800000,"minVersion":"3.0.5","node8DeploysDisabledAfter":1613390400000,"node8RuntimeDisabledAfter":1615809600000,"node8WarnAfter":1600128000000}
[debug] [2024-09-01T04:09:54.533Z] <<< [apiv2][status] POST https://cloudresourcemanager.googleapis.com/v1/projects/pkhands-fcf61:testIamPermissions 401
[debug] [2024-09-01T04:09:54.533Z] <<< [apiv2][body] POST https://cloudresourcemanager.googleapis.com/v1/projects/pkhands-fcf61:testIamPermissions {"error":{"code":401,"message":"Request had invalid authentication credentials. Expected OAuth 2 access token, login cookie or other valid authentication credential. See https://developers.google.com/identity/sign-in/web/devconsole-project.","status":"UNAUTHENTICATED","details":[{"@type":"type.googleapis.com/google.rpc.ErrorInfo","reason":"ACCESS_TOKEN_TYPE_UNSUPPORTED","metadata":{"method":"google.cloudresourcemanager.v1.Projects.TestIamPermissions","service":"cloudresourcemanager.googleapis.com"}}]}}
[debug] [2024-09-01T04:09:54.534Z] [iam] error while checking permissions, command may fail: FirebaseError: HTTP Error: 401, Request had invalid authentication credentials. Expected OAuth 2 access token, login cookie or other valid authentication credential. See https://developers.google.com/identity/sign-in/web/devconsole-project.
[debug] [2024-09-01T04:09:54.535Z] > refreshing access token with scopes: []
[debug] [2024-09-01T04:09:54.535Z] >>> [apiv2][query] POST https://www.googleapis.com/oauth2/v3/token [none]
[debug] [2024-09-01T04:09:54.535Z] >>> [apiv2][body] POST https://www.googleapis.com/oauth2/v3/token [omitted]
[debug] [2024-09-01T04:09:54.587Z] <<< [apiv2][status] POST https://www.googleapis.com/oauth2/v3/token 400
[debug] [2024-09-01T04:09:54.588Z] <<< [apiv2][body] POST https://www.googleapis.com/oauth2/v3/token [omitted]
[debug] [2024-09-01T04:09:54.588Z] >>> [apiv2][query] GET https://firebase.googleapis.com/v1beta1/projects/pkhands-fcf61 [none]
[debug] [2024-09-01T04:09:54.746Z] <<< [apiv2][status] GET https://firebase.googleapis.com/v1beta1/projects/pkhands-fcf61 401
[debug] [2024-09-01T04:09:54.746Z] <<< [apiv2][body] GET https://firebase.googleapis.com/v1beta1/projects/pkhands-fcf61 {"error":{"code":401,"message":"Request had invalid authentication credentials. Expected OAuth 2 access token, login cookie or other valid authentication credential. See https://developers.google.com/identity/sign-in/web/devconsole-project.","status":"UNAUTHENTICATED"}}
[debug] [2024-09-01T04:09:54.747Z] HTTP Error: 401, Request had invalid authentication credentials. Expected OAuth 2 access token, login cookie or other valid authentication credential. See https://developers.google.com/identity/sign-in/web/devconsole-project.
[debug] [2024-09-01T04:09:54.867Z] FirebaseError: HTTP Error: 401, Request had invalid authentication credentials. Expected OAuth 2 access token, login cookie or other valid authentication credential. See https://developers.google.com/identity/sign-in/web/devconsole-project.
    at responseToError (/opt/homebrew/lib/node_modules/firebase-tools/lib/responseToError.js:49:12)
    at RetryOperation._fn (/opt/homebrew/lib/node_modules/firebase-tools/lib/apiv2.js:288:77)
    at process.processTicksAndRejections (node:internal/process/task_queues:95:5)
[error] 
[error] Error: Failed to get Firebase project pkhands-fcf61. Please make sure the project exists and your account has permission to access it.
